// Jest Snapshot v1, https://goo.gl/fbAQLP

exports[`Test for calculator component Snapshot should match component render 1`] = `
Object {
  "asFragment": [Function],
  "baseElement": <body>
    <div>
      <div
        class="container"
      >
        <section
          class="calculator-section"
        >
          <div
            class="justify-content-center row"
          >
            <div
              class="col-6"
            >
              <p>
                Let's do some Maths!
              </p>
            </div>
            <div
              class="col-6"
            >
              <div
                class="calculator"
              >
                <span
                  class="results"
                >
                  0
                   
                   
                </span>
                <button
                  class="numbers"
                  name="AC"
                  type="button"
                >
                  AC
                </button>
                <button
                  class="numbers"
                  name="+/-"
                  type="button"
                >
                  +/-
                </button>
                <button
                  class="numbers"
                  name="%"
                  type="button"
                >
                  %
                </button>
                <button
                  class="operators"
                  name="รท"
                  type="button"
                >
                  รท
                </button>
                <button
                  class="numbers"
                  name="7"
                  type="button"
                >
                  7
                </button>
                <button
                  class="numbers"
                  name="8"
                  type="button"
                >
                  8
                </button>
                <button
                  class="numbers"
                  name="9"
                  type="button"
                >
                  9
                </button>
                <button
                  class="operators"
                  name="x"
                  type="button"
                >
                  x
                </button>
                <button
                  class="numbers"
                  name="4"
                  type="button"
                >
                  4
                </button>
                <button
                  class="numbers"
                  name="5"
                  type="button"
                >
                  5
                </button>
                <button
                  class="numbers"
                  name="6"
                  type="button"
                >
                  6
                </button>
                <button
                  class="operators"
                  name="-"
                  type="button"
                >
                  -
                </button>
                <button
                  class="numbers"
                  name="1"
                  type="button"
                >
                  1
                </button>
                <button
                  class="numbers"
                  name="2"
                  type="button"
                >
                  2
                </button>
                <button
                  class="numbers"
                  name="3"
                  type="button"
                >
                  3
                </button>
                <button
                  class="operators"
                  name="+"
                  type="button"
                >
                  +
                </button>
                <button
                  class="numbers span-zero"
                  name="0"
                  type="button"
                >
                  0
                </button>
                <button
                  class="numbers"
                  name="."
                  type="button"
                >
                  .
                </button>
                <button
                  class="operators"
                  name="="
                  type="button"
                >
                  =
                </button>
              </div>
            </div>
          </div>
        </section>
      </div>
    </div>
  </body>,
  "container": <div>
    <div
      class="container"
    >
      <section
        class="calculator-section"
      >
        <div
          class="justify-content-center row"
        >
          <div
            class="col-6"
          >
            <p>
              Let's do some Maths!
            </p>
          </div>
          <div
            class="col-6"
          >
            <div
              class="calculator"
            >
              <span
                class="results"
              >
                0
                 
                 
              </span>
              <button
                class="numbers"
                name="AC"
                type="button"
              >
                AC
              </button>
              <button
                class="numbers"
                name="+/-"
                type="button"
              >
                +/-
              </button>
              <button
                class="numbers"
                name="%"
                type="button"
              >
                %
              </button>
              <button
                class="operators"
                name="รท"
                type="button"
              >
                รท
              </button>
              <button
                class="numbers"
                name="7"
                type="button"
              >
                7
              </button>
              <button
                class="numbers"
                name="8"
                type="button"
              >
                8
              </button>
              <button
                class="numbers"
                name="9"
                type="button"
              >
                9
              </button>
              <button
                class="operators"
                name="x"
                type="button"
              >
                x
              </button>
              <button
                class="numbers"
                name="4"
                type="button"
              >
                4
              </button>
              <button
                class="numbers"
                name="5"
                type="button"
              >
                5
              </button>
              <button
                class="numbers"
                name="6"
                type="button"
              >
                6
              </button>
              <button
                class="operators"
                name="-"
                type="button"
              >
                -
              </button>
              <button
                class="numbers"
                name="1"
                type="button"
              >
                1
              </button>
              <button
                class="numbers"
                name="2"
                type="button"
              >
                2
              </button>
              <button
                class="numbers"
                name="3"
                type="button"
              >
                3
              </button>
              <button
                class="operators"
                name="+"
                type="button"
              >
                +
              </button>
              <button
                class="numbers span-zero"
                name="0"
                type="button"
              >
                0
              </button>
              <button
                class="numbers"
                name="."
                type="button"
              >
                .
              </button>
              <button
                class="operators"
                name="="
                type="button"
              >
                =
              </button>
            </div>
          </div>
        </div>
      </section>
    </div>
  </div>,
  "debug": [Function],
  "findAllByAltText": [Function],
  "findAllByDisplayValue": [Function],
  "findAllByLabelText": [Function],
  "findAllByPlaceholderText": [Function],
  "findAllByRole": [Function],
  "findAllByTestId": [Function],
  "findAllByText": [Function],
  "findAllByTitle": [Function],
  "findByAltText": [Function],
  "findByDisplayValue": [Function],
  "findByLabelText": [Function],
  "findByPlaceholderText": [Function],
  "findByRole": [Function],
  "findByTestId": [Function],
  "findByText": [Function],
  "findByTitle": [Function],
  "getAllByAltText": [Function],
  "getAllByDisplayValue": [Function],
  "getAllByLabelText": [Function],
  "getAllByPlaceholderText": [Function],
  "getAllByRole": [Function],
  "getAllByTestId": [Function],
  "getAllByText": [Function],
  "getAllByTitle": [Function],
  "getByAltText": [Function],
  "getByDisplayValue": [Function],
  "getByLabelText": [Function],
  "getByPlaceholderText": [Function],
  "getByRole": [Function],
  "getByTestId": [Function],
  "getByText": [Function],
  "getByTitle": [Function],
  "queryAllByAltText": [Function],
  "queryAllByDisplayValue": [Function],
  "queryAllByLabelText": [Function],
  "queryAllByPlaceholderText": [Function],
  "queryAllByRole": [Function],
  "queryAllByTestId": [Function],
  "queryAllByText": [Function],
  "queryAllByTitle": [Function],
  "queryByAltText": [Function],
  "queryByDisplayValue": [Function],
  "queryByLabelText": [Function],
  "queryByPlaceholderText": [Function],
  "queryByRole": [Function],
  "queryByTestId": [Function],
  "queryByText": [Function],
  "queryByTitle": [Function],
  "rerender": [Function],
  "unmount": [Function],
}
`;
